============================= test session starts ==============================
platform darwin -- Python 3.11.11, pytest-8.3.5, pluggy-1.5.0 -- /Users/mithranmohanraj/miniconda3/envs/kaia/bin/python
cachedir: .pytest_cache
rootdir: /Users/mithranmohanraj/Documents/vibelint
configfile: pyproject.toml
plugins: anyio-4.9.0, langsmith-0.3.28, cov-6.1.1
collecting ... collected 12 items

tests/test_cli.py::test_cli_version PASSED                               [  8%]
tests/test_cli.py::test_cli_help PASSED                                  [ 16%]
tests/test_cli.py::test_cli_no_command_shows_art_and_help[check_success] PASSED [ 25%]
tests/test_cli.py::test_cli_no_project_root PASSED                       [ 33%]
tests/test_cli.py::test_check_success[check_success] PASSED              [ 41%]
tests/test_cli.py::test_check_failure[fix_missing_all] PASSED            [ 50%]
tests/test_cli.py::test_check_output_report[check_success] PASSED        [ 58%]
tests/test_cli.py::test_namespace_basic[check_success] PASSED            [ 66%]
tests/test_cli.py::test_namespace_output_file[check_success] PASSED      [ 75%]
tests/test_cli.py::test_snapshot_basic[check_success] PASSED             [ 83%]
tests/test_cli.py::test_snapshot_exclude[check_success] PASSED           [ 91%]
tests/test_cli.py::test_snapshot_exclude_output_file[check_success] PASSED [100%]

============================== 12 passed in 0.46s ==============================
